[20:34:47] [main/INFO] (FabricLoader/GameProvider) Loading Minecraft 26.2 with Fabric Loader 0.19.5
[20:34:47] [main/INFO] (FabricLoader/Mappings) Mappings not present!
[20:34:47] [main/INFO] (FabricLoader) Loading 64 mods:
	- fabric-api 0.159.0+26.2
	- fabric-api-base 2.0.4+ece063239e
	- fabric-api-lookup-api-v1 2.0.18+11e1c9a39e
	- fabric-biome-api-v1 18.0.6+c7bd5b8e9e
	- fabric-block-api-v1 3.0.3+ec56b6019e
	- fabric-block-getter-api-v2 2.0.7+ec56b6019e
	- fabric-client-gametest-api-v1 6.0.1+0f4f1dca9e
	- fabric-command-api-v2 3.1.0+00cb03469e
	- fabric-content-registries-v0 11.3.2+37b1aa249e
	- fabric-convention-tags-v2 4.7.1+1f023a9e9e
	- fabric-crash-report-info-v1 1.0.5+086d547a9e
	- fabric-creative-tab-api-v1 5.0.14+d871b99e9e
	- fabric-data-attachment-api-v1 2.2.18+515ac5339e
	- fabric-data-generation-api-v1 25.5.1+aed122aa9e
	- fabric-debug-api-v1 1.0.2+c792624d9e
	- fabric-dimensions-v1 5.1.12+515ac5339e
	- fabric-entity-events-v1 5.0.5+06488ac19e
	- fabric-events-interaction-v0 5.2.7+515ac5339e
	- fabric-game-rule-api-v1 4.0.8+46a6d00c9e
	- fabric-gametest-api-v1 4.0.21+4a7fa0819e
	- fabric-item-api-v1 14.5.0+c68f6cbe9e
	- fabric-key-mapping-api-v1 2.0.5+e2bdee789e
	- fabric-lifecycle-events-v1 4.1.4+29b6eb019e
	- fabric-loot-api-v3 3.0.17+06488ac19e
	- fabric-menu-api-v1 2.0.16+086d547a9e
	- fabric-message-api-v1 7.0.8+bb2ed3f79e
	- fabric-model-loading-api-v1 8.0.17+c80601bb9e
	- fabric-networking-api-v1 6.3.3+72073ef09e
	- fabric-object-builder-api-v1 24.1.0+6fcd5f039e
	- fabric-particles-v1 5.0.18+d1756aa99e
	- fabric-permission-api-v1 1.0.5+e442d8d09e
	- fabric-recipe-api-v1 9.0.21+11e1c9a39e
	- fabric-registry-sync-v0 7.1.0+c7bd5b8e9e
	- fabric-renderer-api-v1 14.1.4+2b0d8a229e
	- fabric-renderer-indigo 9.1.4+2b0d8a229e
	- fabric-rendering-fluids-v1 6.0.4+06488ac19e
	- fabric-rendering-v1 25.3.3+515ac5339e
	- fabric-resource-conditions-api-v1 6.1.0+10e9a28b9e
	- fabric-resource-loader-v0 3.3.20+4fc5413f9e
	- fabric-resource-loader-v1 2.0.13+9edec1269e
	- fabric-screen-api-v1 5.2.1+5087f8249e
	- fabric-serialization-api-v1 2.0.4+11a26f319e
	- fabric-sound-api-v1 2.0.5+11a26f319e
	- fabric-tag-api-v1 2.1.4+515ac5339e
	- fabric-transfer-api-v1 8.0.13+11dbb7d79e
	- fabric-transitive-access-wideners-v1 8.1.4+67c847259e
	- fabricloader 0.19.5
	- inventorymax 1.0.0+26.2
	- inventoryplus 1.2.2+26.2
	- java 25
	- menukit 2.0.0+26.2
	- menukit-containers 2.0.0+26.2
	- minecraft 26.2
	- mixinextras 0.5.5
	- modmenu 20.0.1
	- yet_another_config_lib_v3 3.9.6+26.2-fabric
	   |-- com_twelvemonkeys_common_common-image 3.12.0
	   |-- com_twelvemonkeys_common_common-io 3.12.0
	   |-- com_twelvemonkeys_common_common-lang 3.12.0
	   |-- com_twelvemonkeys_imageio_imageio-core 3.12.0
	   |-- com_twelvemonkeys_imageio_imageio-metadata 3.12.0
	   |-- com_twelvemonkeys_imageio_imageio-webp 3.12.0
	   |-- org_quiltmc_parsers_gson 0.2.1
	   \-- org_quiltmc_parsers_json 0.2.1
[20:34:47] [main/INFO] (FabricLoader/Mixin) SpongePowered MIXIN Subsystem Version=0.8.7 Source=file:/Users/trevorschoeny/.gradle/caches/modules-2/files-2.1/net.fabricmc/sponge-mixin/0.17.4+mixin.0.8.7/5f66cc9f59b8efaa942155a3d5a30599bf6640dd/sponge-mixin-0.17.4+mixin.0.8.7.jar Service=Knot/Fabric Env=CLIENT
[20:34:47] [main/WARN] (FabricLoader/Mixin) Reference map 'yet_another_config_lib_v3.refmap.json' for yacl.mixins.json could not be read. If this is a development environment you can ignore this message
[20:34:47] [main/WARN] (FabricLoader/Mixin) Reference map 'yet_another_config_lib_v3.refmap.json' for yacl-fabric.mixins.json could not be read. If this is a development environment you can ignore this message
[20:34:48] [main/INFO] (FabricLoader/MixinExtras|Service) Initializing MixinExtras via com.llamalad7.mixinextras.service.MixinExtrasServiceImpl(version=0.5.5).
[20:34:49] [Datafixer Bootstrap #0/INFO] (Minecraft) 295 Datafixer optimizations took 273 milliseconds
[20:34:53] [Render thread/INFO] (Minecraft) Environment: Environment[sessionHost=https://sessionserver.mojang.com, servicesHost=https://api.minecraftservices.com, profilesHost=https://api.mojang.com, name=PROD]
[20:34:53] [Render thread/INFO] (Minecraft) Setting user: Player982
[20:34:53] [Render thread/INFO] (inventorymax) [config] no config at /Users/trevorschoeny/Projects/Minecraft/Trevlar Mods/Trevlar Mods Codebases/inventory-max/run/config/inventorymax/config.json — using defaults
[20:34:53] [Render thread/INFO] (MenuKit-SlotState) [SlotState] registered channel inventoryplus:container_lock (SHARED)
[20:34:53] [Render thread/INFO] (inventorymax) [inventorymax] Common init — pocket + equipment storage + networking + mending registered.
[20:34:53] [Render thread/INFO] (menukit) [MenuKit] Initialized
[20:34:53] [Render thread/INFO] (menukit-containers) [MenuKit-Containers] Initialized
[20:34:53] [Render thread/INFO] (Indigo) [Indigo] Registering Indigo renderer!
[20:34:53] [Render thread/INFO] (YetAnotherConfigLib) Deserializing YACLConfig from '/Users/trevorschoeny/Projects/Minecraft/Trevlar Mods/Trevlar Mods Codebases/inventory-max/run/config/yacl.json5'
[20:34:53] [Render thread/INFO] (Mod Menu/Update Checker) Checking mod updates...
[20:34:53] [Render thread/INFO] (menukit) [MenuKit] Registered HUD panel 'inventorymax:equip_cues'
[20:34:53] [Render thread/INFO] (inventoryplus) [locked-slots] registered slot-lock provider ContainerLockProvider (1 total)
[20:34:53] [Render thread/INFO] (inventorymax) [inventorymax] Client init — Pocket Cycler + Container Locks active.
[20:34:53] [Render thread/INFO] (inventoryplus) [config] no config file at /Users/trevorschoeny/Projects/Minecraft/Trevlar Mods/Trevlar Mods Codebases/inventory-max/run/config/inventoryplus/config.json — using defaults
[20:34:53] [Render thread/INFO] (menukit) [MenuKit] Registered HUD panel 'inventoryplus-cycle-mini-hotbar'
[20:34:53] [Render thread/INFO] (inventoryplus) [inventoryplus] Client initialized — auto-restock + move-matching + locked-slots + sort + column-cycler active.
[20:34:53] [Render thread/INFO] (menukit) [MenuKit] Client initialized
[20:34:53] [Render thread/INFO] (menukit) [MenuChrome] registered provider for CreativeModeInventoryScreen
[20:34:53] [Render thread/INFO] (menukit) [MenuChrome] registered provider for InventoryScreen
[20:34:53] [Render thread/INFO] (menukit) [MenuChrome] registered provider for CraftingScreen
[20:34:53] [Render thread/INFO] (menukit) [SlotGroupCategories] registered resolver for InventoryMenu
[20:34:53] [Render thread/INFO] (menukit) [SlotGroupCategories] registered resolver for ChestMenu
[20:34:53] [Render thread/INFO] (menukit) [SlotGroupCategories] registered resolver for ShulkerBoxMenu
[20:34:53] [Render thread/INFO] (menukit) [SlotGroupCategories] registered resolver for DispenserMenu
[20:34:53] [Render thread/INFO] (menukit) [SlotGroupCategories] registered resolver for HopperMenu
[20:34:53] [Render thread/INFO] (menukit) [SlotGroupCategories] registered resolver for CraftingMenu
[20:34:53] [Render thread/INFO] (menukit) [SlotGroupCategories] registered resolver for CrafterMenu
[20:34:53] [Render thread/INFO] (menukit) [SlotGroupCategories] registered resolver for FurnaceMenu
[20:34:53] [Render thread/INFO] (menukit) [SlotGroupCategories] registered resolver for SmokerMenu
[20:34:53] [Render thread/INFO] (menukit) [SlotGroupCategories] registered resolver for BlastFurnaceMenu
[20:34:53] [Render thread/INFO] (menukit) [SlotGroupCategories] registered resolver for EnchantmentMenu
[20:34:53] [Render thread/INFO] (menukit) [SlotGroupCategories] registered resolver for AnvilMenu
[20:34:53] [Render thread/INFO] (menukit) [SlotGroupCategories] registered resolver for GrindstoneMenu
[20:34:53] [Render thread/INFO] (menukit) [SlotGroupCategories] registered resolver for SmithingMenu
[20:34:53] [Render thread/INFO] (menukit) [SlotGroupCategories] registered resolver for LoomMenu
[20:34:53] [Render thread/INFO] (menukit) [SlotGroupCategories] registered resolver for StonecutterMenu
[20:34:53] [Render thread/INFO] (menukit) [SlotGroupCategories] registered resolver for CartographyTableMenu
[20:34:53] [Render thread/INFO] (menukit) [SlotGroupCategories] registered resolver for BrewingStandMenu
[20:34:53] [Render thread/INFO] (menukit) [SlotGroupCategories] registered resolver for MerchantMenu
[20:34:53] [Render thread/INFO] (menukit) [SlotGroupCategories] registered resolver for BeaconMenu
[20:34:53] [Render thread/INFO] (menukit) [SlotGroupCategories] registered resolver for HorseInventoryMenu
[20:34:53] [Render thread/INFO] (menukit) [SlotGroupCategories] registered resolver for NautilusInventoryMenu
[20:34:53] [Render thread/INFO] (menukit) [SlotGroupCategories] registered resolver for ItemPickerMenu
[20:34:53] [Render thread/INFO] (menukit-containers) [MenuKit-Containers] Client initialized
[20:34:53] [Render thread/INFO] (Minecraft) Backend library: LWJGL version 3.4.1-snapshot
[20:34:53] [Download-2/ERROR] (Minecraft) Failed to fetch user properties
com.mojang.authlib.exceptions.InvalidCredentialsException: Status: 401
	at knot//com.mojang.authlib.exceptions.MinecraftClientHttpException.toAuthenticationException(MinecraftClientHttpException.java:70)
	at knot//com.mojang.authlib.yggdrasil.YggdrasilUserApiService.fetchProperties(YggdrasilUserApiService.java:173)
	at knot//net.minecraft.client.Minecraft.lambda$new$1(Minecraft.java:438)
	at java.base/java.util.concurrent.CompletableFuture$AsyncSupply.run(CompletableFuture.java:1789)
	at java.base/java.util.concurrent.ThreadPoolExecutor.runWorker(ThreadPoolExecutor.java:1090)
	at java.base/java.util.concurrent.ThreadPoolExecutor$Worker.run(ThreadPoolExecutor.java:614)
	at java.base/java.lang.Thread.run(Thread.java:1474)
Caused by: MinecraftClientHttpException[type=HTTP_ERROR, status=401, response=ErrorResponse[path=/player/attributes, error=null, errorMessage=null, details=null]]
	at knot//com.mojang.authlib.minecraft.client.MinecraftClient.buildHttpException(MinecraftClient.java:170)
	at knot//com.mojang.authlib.minecraft.client.MinecraftClient.readServiceResponse(MinecraftClient.java:147)
	at knot//com.mojang.authlib.minecraft.client.MinecraftClient.getWithEtag(MinecraftClient.java:81)
	at knot//com.mojang.authlib.minecraft.client.MinecraftClient.get(MinecraftClient.java:65)
	at knot//com.mojang.authlib.yggdrasil.YggdrasilUserApiService.fetchProperties(YggdrasilUserApiService.java:123)
	... 5 more
[20:34:54] [Render thread/INFO] (Minecraft) Using graphics backend OpenGL, using drivers: 4.1 Metal - 90.5
[20:34:54] [Render thread/INFO] (Minecraft) Using graphics device: Apple M1 Pro (Apple)
[20:34:54] [Render thread/INFO] (Minecraft) Using graphics device extensions: GL_ARB_draw_indirect, GL_EXT_texture_filter_anisotropic
[20:34:55] [Download-3/INFO] (Minecraft) Could not authorize you against Realms server: java.lang.RuntimeException: Failed to parse into SignedJWT: FabricMC
[20:34:55] [Download-3/ERROR] (Minecraft) Failed to fetch Realms feature flags
com.mojang.realmsclient.exception.RealmsServiceException: Realms authentication error with message 'java.lang.RuntimeException: Failed to parse into SignedJWT: FabricMC'
	at knot//com.mojang.realmsclient.client.RealmsClient.execute(RealmsClient.java:528)
	at knot//com.mojang.realmsclient.client.RealmsClient.fetchFeatureFlags(RealmsClient.java:187)
	at java.base/java.util.concurrent.CompletableFuture$AsyncSupply.run(CompletableFuture.java:1789)
	at java.base/java.util.concurrent.ThreadPoolExecutor.runWorker(ThreadPoolExecutor.java:1090)
	at java.base/java.util.concurrent.ThreadPoolExecutor$Worker.run(ThreadPoolExecutor.java:614)
	at java.base/java.lang.Thread.run(Thread.java:1474)
[20:34:55] [Render thread/INFO] (Minecraft) Reloading ResourceManager: vanilla, fabric-api, fabric-api-base, fabric-api-lookup-api-v1, fabric-biome-api-v1, fabric-block-api-v1, fabric-block-getter-api-v2, fabric-client-gametest-api-v1, fabric-command-api-v2, fabric-content-registries-v0, fabric-convention-tags-v2, fabric-crash-report-info-v1, fabric-creative-tab-api-v1, fabric-data-attachment-api-v1, fabric-data-generation-api-v1, fabric-debug-api-v1, fabric-dimensions-v1, fabric-entity-events-v1, fabric-events-interaction-v0, fabric-game-rule-api-v1, fabric-gametest-api-v1, fabric-item-api-v1, fabric-key-mapping-api-v1, fabric-lifecycle-events-v1, fabric-loot-api-v3, fabric-menu-api-v1, fabric-message-api-v1, fabric-model-loading-api-v1, fabric-networking-api-v1, fabric-object-builder-api-v1, fabric-particles-v1, fabric-permission-api-v1, fabric-recipe-api-v1, fabric-registry-sync-v0, fabric-renderer-api-v1, fabric-renderer-indigo, fabric-rendering-fluids-v1, fabric-rendering-v1, fabric-resource-conditions-api-v1, fabric-resource-loader-v0, fabric-resource-loader-v1, fabric-screen-api-v1, fabric-serialization-api-v1, fabric-sound-api-v1, fabric-tag-api-v1, fabric-transfer-api-v1, fabric-transitive-access-wideners-v1, fabricloader, inventorymax, inventoryplus, menukit, modmenu, yet_another_config_lib_v3
[20:34:56] [Worker-Main-5/INFO] (Minecraft) Found unifont_pua-17.0.01.hex, loading
[20:34:56] [Worker-Main-6/INFO] (Minecraft) Found unifont_all_no_pua-17.0.01.hex, loading
[20:34:56] [Worker-Main-5/INFO] (Minecraft) Found unifont_jp_patch-17.0.01.hex, loading
[20:34:56] [Render thread/INFO] (Minecraft) Info log when linking program containing VS minecraft:core/entity and FS minecraft:core/entity. Log output: WARNING: Could not find vertex shader attribute 'UV1' to match BindAttributeLocation request.

[20:34:56] [Render thread/INFO] (Minecraft) Info log when linking program containing VS minecraft:core/entity and FS minecraft:core/entity. Log output: WARNING: Could not find vertex shader attribute 'UV1' to match BindAttributeLocation request.
WARNING: Could not find vertex shader attribute 'Normal' to match BindAttributeLocation request.
WARNING: Could not find vertex shader attribute 'UV2' to match BindAttributeLocation request.

[20:34:56] [Render thread/INFO] (Minecraft) Info log when linking program containing VS minecraft:core/entity and FS minecraft:core/entity. Log output: WARNING: Could not find vertex shader attribute 'UV1' to match BindAttributeLocation request.

[20:34:56] [Render thread/INFO] (Minecraft) Info log when linking program containing VS minecraft:core/rendertype_entity_shadow and FS minecraft:core/rendertype_entity_shadow. Log output: WARNING: Could not find vertex shader attribute 'UV1' to match BindAttributeLocation request.
WARNING: Could not find vertex shader attribute 'Normal' to match BindAttributeLocation request.
WARNING: Could not find vertex shader attribute 'UV2' to match BindAttributeLocation request.

[20:34:56] [Render thread/INFO] (Minecraft) Info log when linking program containing VS minecraft:core/rendertype_crumbling and FS minecraft:core/rendertype_crumbling. Log output: WARNING: Could not find vertex shader attribute 'UV2' to match BindAttributeLocation request.

[20:34:57] [Render thread/INFO] (Minecraft) Info log when linking program containing VS minecraft:core/entity and FS minecraft:core/entity. Log output: WARNING: Could not find vertex shader attribute 'UV1' to match BindAttributeLocation request.

[20:34:57] [Render thread/INFO] (Minecraft) Info log when linking program containing VS minecraft:core/entity and FS minecraft:core/entity. Log output: WARNING: Could not find vertex shader attribute 'UV1' to match BindAttributeLocation request.
WARNING: Could not find vertex shader attribute 'Normal' to match BindAttributeLocation request.

[20:34:57] [Render thread/INFO] (Minecraft) Info log when linking program containing VS minecraft:core/entity and FS minecraft:core/entity. Log output: WARNING: Could not find vertex shader attribute 'UV1' to match BindAttributeLocation request.

[20:34:57] [Render thread/INFO] (Minecraft) Info log when linking program containing VS minecraft:core/entity and FS minecraft:core/entity. Log output: WARNING: Could not find vertex shader attribute 'UV1' to match BindAttributeLocation request.
WARNING: Could not find vertex shader attribute 'Normal' to match BindAttributeLocation request.
WARNING: Could not find vertex shader attribute 'UV2' to match BindAttributeLocation request.

[20:34:57] [Render thread/INFO] (Minecraft) Info log when linking program containing VS minecraft:core/entity and FS minecraft:core/entity. Log output: WARNING: Could not find vertex shader attribute 'UV1' to match BindAttributeLocation request.

[20:34:57] [Render thread/INFO] (Minecraft) Info log when linking program containing VS minecraft:core/entity and FS minecraft:core/entity. Log output: WARNING: Could not find vertex shader attribute 'UV2' to match BindAttributeLocation request.

[20:34:57] [Render thread/INFO] (Minecraft) Info log when linking program containing VS minecraft:core/rendertype_beacon_beam and FS minecraft:core/rendertype_beacon_beam. Log output: WARNING: Could not find vertex shader attribute 'UV2' to match BindAttributeLocation request.

[20:34:57] [Render thread/INFO] (Minecraft) Info log when linking program containing VS minecraft:core/animate_sprite and FS minecraft:core/animate_sprite_blit. Log output: WARNING: Output of vertex shader 'fAnimationProgress' not read by fragment shader

[20:34:57] [Render thread/INFO] (Minecraft) Info log when linking program containing VS minecraft:core/rendertype_beacon_beam and FS minecraft:core/rendertype_beacon_beam. Log output: WARNING: Could not find vertex shader attribute 'UV2' to match BindAttributeLocation request.

[20:34:57] [Render thread/INFO] (Minecraft) OpenAL initialized on device MacBook Pro Speakers
[20:34:57] [Render thread/INFO] (Minecraft) Sound engine started
[20:34:57] [Render thread/INFO] (Minecraft) Created: 512x256x0 minecraft:textures/atlas/particles.png-atlas
[20:34:57] [Render thread/INFO] (Minecraft) Created: 128x128x0 minecraft:textures/atlas/decorated_pot.png-atlas
[20:34:57] [Render thread/INFO] (Minecraft) Created: 2048x1024x0 minecraft:textures/atlas/armor_trims.png-atlas
[20:34:57] [Render thread/INFO] (Minecraft) Created: 512x256x0 minecraft:textures/atlas/paintings.png-atlas
[20:34:57] [Render thread/INFO] (Minecraft) Created: 1024x512x0 minecraft:textures/atlas/shield_patterns.png-atlas
[20:34:57] [Render thread/INFO] (Minecraft) Created: 2048x2048x4 minecraft:textures/atlas/blocks.png-atlas
[20:34:57] [Render thread/INFO] (Minecraft) Created: 512x512x0 minecraft:textures/atlas/chest.png-atlas
[20:34:57] [Render thread/INFO] (Minecraft) Created: 256x128x0 minecraft:textures/atlas/celestials.png-atlas
[20:34:57] [Render thread/INFO] (Minecraft) Created: 1024x512x0 minecraft:textures/atlas/banner_patterns.png-atlas
[20:34:57] [Render thread/INFO] (Minecraft) Created: 1024x512x0 minecraft:textures/atlas/items.png-atlas
[20:34:57] [Render thread/INFO] (Minecraft) Created: 1024x1024x0 minecraft:textures/atlas/gui.png-atlas
[20:34:57] [Render thread/INFO] (Minecraft) Created: 128x64x0 minecraft:textures/atlas/map_decorations.png-atlas
[20:34:57] [Render thread/INFO] (Minecraft) Created: 512x512x0 minecraft:textures/atlas/shulker_boxes.png-atlas
[20:34:57] [Render thread/INFO] (Minecraft) Found new data pack file/gallery, loading it automatically
[20:34:58] [Render thread/INFO] (Minecraft) Loaded 1585 recipes
[20:34:58] [Render thread/INFO] (Minecraft) Loaded 1689 advancements
[20:34:59] [Render thread/INFO] (BiomeModificationImpl) Applied 0 biome modifications to 0 of 66 new biomes in 912.3 μs
[20:34:59] [Server thread/INFO] (Minecraft) Starting integrated minecraft server version 26.2
[20:34:59] [Server thread/INFO] (Minecraft) Generating keypair
[20:34:59] [Server thread/INFO] (Minecraft) Loading 0 persistent chunks...
[20:34:59] [Server thread/INFO] (Minecraft) Saving chunks for level 'ServerLevel[TestGallery]'/minecraft:overworld
[20:34:59] [Server thread/INFO] (Minecraft) Saving chunks for level 'ServerLevel[TestGallery]'/minecraft:the_nether
[20:34:59] [Server thread/INFO] (Minecraft) Saving chunks for level 'ServerLevel[TestGallery]'/minecraft:the_end
[20:34:59] [Server thread/INFO] (Minecraft) ThreadedAnvilChunkStorage (world): All chunks are saved
[20:34:59] [Server thread/INFO] (Minecraft) ThreadedAnvilChunkStorage (DIM-1): All chunks are saved
[20:34:59] [Server thread/INFO] (Minecraft) ThreadedAnvilChunkStorage (DIM1): All chunks are saved
[20:34:59] [Server thread/INFO] (Minecraft) ThreadedAnvilChunkStorage: All dimensions are saved
[20:35:00] [Server thread/INFO] (Minecraft) Loading 48 chunks for player spawn...
[20:35:00] [Server thread/INFO] (Minecraft) Preparing spawn area: 16%
[20:35:00] [Server thread/INFO] (Minecraft) Preparing spawn area: 16%
[20:35:00] [Server thread/INFO] (Minecraft) Preparing spawn area: 16%
[20:35:00] [Server thread/INFO] (Minecraft) Time elapsed: 1350 ms
[20:35:00] [Server thread/INFO] (Minecraft) Player982[local:E:00348919] logged in with entity id 1 at (2.5, 64.0, 10.5)
[20:35:01] [Server thread/INFO] (Minecraft) Player982 joined the game
[20:35:01] [Server thread/INFO] (Minecraft) Player982 has made the advancement [Isn't It Iron Pick]
[20:35:01] [Server thread/INFO] (Minecraft) Changing view distance to 16, from 10
[20:35:01] [Server thread/INFO] (Minecraft) Changing simulation distance to 12, from 0
[20:35:01] [Render thread/INFO] (Minecraft) Resizing Dynamic Transforms UBO, capacity limit of 2 reached during a single frame. New capacity will be 4.
[20:35:01] [Render thread/INFO] (Minecraft) [System] [CHAT] Player982 has made the advancement [Isn't It Iron Pick]
[20:35:01] [Render thread/INFO] (Minecraft) Loaded 13 advancements
[20:35:01] [Download-3/ERROR] (Minecraft) Failed to retrieve profile key pair
MinecraftClientHttpException[type=HTTP_ERROR, status=401, response=ErrorResponse[path=/player/certificates, error=null, errorMessage=null, details=null]]
	at knot//com.mojang.authlib.minecraft.client.MinecraftClient.buildHttpException(MinecraftClient.java:170)
	at knot//com.mojang.authlib.minecraft.client.MinecraftClient.readServiceResponse(MinecraftClient.java:147)
	at knot//com.mojang.authlib.minecraft.client.MinecraftClient.post(MinecraftClient.java:89)
	at knot//com.mojang.authlib.yggdrasil.YggdrasilUserApiService.getKeyPair(YggdrasilUserApiService.java:62)
	at knot//net.minecraft.client.multiplayer.AccountProfileKeyPairManager.fetchProfileKeyPair(AccountProfileKeyPairManager.java:128)
	at knot//net.minecraft.client.multiplayer.AccountProfileKeyPairManager.lambda$readOrFetchProfileKeyPair$0(AccountProfileKeyPairManager.java:77)
	at java.base/java.util.concurrent.CompletableFuture$AsyncSupply.run(CompletableFuture.java:1789)
	at java.base/java.util.concurrent.ThreadPoolExecutor.runWorker(ThreadPoolExecutor.java:1090)
	at java.base/java.util.concurrent.ThreadPoolExecutor$Worker.run(ThreadPoolExecutor.java:614)
	at java.base/java.lang.Thread.run(Thread.java:1474)
[20:35:01] [Render thread/INFO] (Minecraft) Resizing Dynamic Transforms UBO, capacity limit of 4 reached during a single frame. New capacity will be 8.
[20:35:01] [Render thread/INFO] (Minecraft) Resizing Chunk Sections UBO, capacity limit of 2 reached during a single frame. New capacity will be 8.
[20:35:01] [Server thread/INFO] (Minecraft) Saving and pausing game...
[20:35:01] [Server thread/INFO] (Minecraft) Saving chunks for level 'ServerLevel[TestGallery]'/minecraft:overworld
[20:35:01] [Server thread/INFO] (Minecraft) Saving chunks for level 'ServerLevel[TestGallery]'/minecraft:the_nether
[20:35:01] [Server thread/INFO] (Minecraft) Saving chunks for level 'ServerLevel[TestGallery]'/minecraft:the_end
[20:35:01] [Render thread/INFO] (Minecraft) Resizing Chunk Sections UBO, capacity limit of 8 reached during a single frame. New capacity will be 32.
[20:36:09] [Render thread/INFO] (Minecraft) Resizing Chunk Sections UBO, capacity limit of 32 reached during a single frame. New capacity will be 64.
[20:36:09] [Render thread/INFO] (Minecraft) Resizing Chunk Sections UBO, capacity limit of 64 reached during a single frame. New capacity will be 128.
[20:36:09] [Render thread/INFO] (Minecraft) Resizing Dynamic Transforms UBO, capacity limit of 8 reached during a single frame. New capacity will be 16.
[20:36:09] [Render thread/INFO] (Minecraft) Resizing Chunk Sections UBO, capacity limit of 128 reached during a single frame. New capacity will be 256.
[20:36:09] [Render thread/INFO] (Minecraft) Resizing Chunk Sections UBO, capacity limit of 256 reached during a single frame. New capacity will be 512.
[20:36:32] [Server thread/INFO] (Minecraft) Saving and pausing game...
[20:36:32] [Server thread/INFO] (Minecraft) Saving chunks for level 'ServerLevel[TestGallery]'/minecraft:overworld
[20:36:32] [Server thread/INFO] (Minecraft) Saving chunks for level 'ServerLevel[TestGallery]'/minecraft:the_nether
[20:36:32] [Server thread/INFO] (Minecraft) Saving chunks for level 'ServerLevel[TestGallery]'/minecraft:the_end
[20:46:11] [Server thread/INFO] (Minecraft) Saving and pausing game...
[20:46:11] [Server thread/INFO] (Minecraft) Saving chunks for level 'ServerLevel[TestGallery]'/minecraft:overworld
[20:46:11] [Server thread/INFO] (Minecraft) Saving chunks for level 'ServerLevel[TestGallery]'/minecraft:the_nether
[20:46:11] [Server thread/INFO] (Minecraft) Saving chunks for level 'ServerLevel[TestGallery]'/minecraft:the_end
[20:46:12] [Render thread/INFO] (Minecraft) Stopping!
[20:46:12] [Server thread/INFO] (Minecraft) Player982 lost connection: Disconnected
[20:46:12] [Server thread/INFO] (Minecraft) Player982 left the game
[20:46:12] [Server thread/INFO] (Minecraft) Stopping singleplayer server as player logged out
[20:46:12] [Server thread/INFO] (Minecraft) Stopping server
[20:46:12] [Server thread/INFO] (Minecraft) Saving players
[20:46:12] [Server thread/INFO] (Minecraft) Saving worlds
[20:46:12] [Server thread/INFO] (Minecraft) Saving chunks for level 'ServerLevel[TestGallery]'/minecraft:overworld
[20:46:13] [Server thread/INFO] (Minecraft) Saving chunks for level 'ServerLevel[TestGallery]'/minecraft:the_nether
[20:46:13] [Server thread/INFO] (Minecraft) Saving chunks for level 'ServerLevel[TestGallery]'/minecraft:the_end
[20:46:13] [Server thread/INFO] (Minecraft) ThreadedAnvilChunkStorage (world): All chunks are saved
[20:46:13] [Server thread/INFO] (Minecraft) ThreadedAnvilChunkStorage (DIM-1): All chunks are saved
[20:46:13] [Server thread/INFO] (Minecraft) ThreadedAnvilChunkStorage (DIM1): All chunks are saved
[20:46:13] [Server thread/INFO] (Minecraft) ThreadedAnvilChunkStorage: All dimensions are saved
